2025-07-08 20:16:26,929 [Worker-2: Loading available Gradle versions] INFO  o.e.b.c.i.u.g.PublishedGradleVersions - Gradle version information cache is not available. Remote download required.
2025-07-08 20:16:46,454 [Worker-3: Importing Maven projects] INFO  o.e.m.c.i.l.LifecycleMappingFactory - Using org.eclipse.m2e.jdt.JarLifecycleMapping lifecycle mapping for MavenProject: com.paichai.health:health-backend:0.0.1-SNAPSHOT @ C:\Users\csung\OneDrive\Desktop\spring\project\PaiChai-app-H\backend\pom.xml.
2025-07-08 20:16:47,527 [Worker-3: Importing Maven projects] INFO  o.e.m.j.i.AbstractJavaProjectConfigurator - Adding source folder /backend/src/main/java
2025-07-08 20:16:47,528 [Worker-3: Importing Maven projects] INFO  o.e.m.j.i.AbstractJavaProjectConfigurator - Adding resource folder /backend/src/main/resources
2025-07-08 20:16:47,532 [Worker-3: Importing Maven projects] INFO  o.e.m.j.i.AbstractJavaProjectConfigurator - Adding resource folder /backend/src/main/resources
2025-07-08 20:16:47,535 [Worker-3: Importing Maven projects] INFO  o.e.m.j.i.AbstractJavaProjectConfigurator - Adding source folder /backend/src/test/java
2025-07-08 20:16:47,537 [Worker-3: Importing Maven projects] INFO  o.e.m.j.i.AbstractJavaProjectConfigurator - Adding resource folder /backend/src/test/resources
2025-07-08 20:16:48,153 [Worker-3: Importing Maven projects] INFO  o.e.m.c.i.p.ProjectConfigurationManager - Imported and configured 1 project(s) in 2 sec
2025-07-08 20:16:50,389 [Worker-4: Building] INFO  o.a.m.s.f.DefaultMavenResourcesFiltering - Copying 1 resource from src\main\resources to target\classes
2025-07-08 20:16:50,406 [Worker-4: Building] INFO  o.a.m.s.f.DefaultMavenResourcesFiltering - Copying 0 resource from src\main\resources to target\classes
2025-07-08 20:16:50,412 [Worker-4: Building] INFO  o.a.m.s.f.DefaultMavenResourcesFiltering - skip non existing resourceDirectory C:\Users\csung\OneDrive\Desktop\spring\project\PaiChai-app-H\backend\src\test\resources
2025-07-09 14:17:28,409 [Worker-0: Loading available Gradle versions] INFO  o.e.b.c.i.u.g.PublishedGradleVersions - Gradle version information cache is up-to-date. Trying to read.
2025-07-09 14:33:41,788 [Worker-7: Building] INFO  o.a.m.s.f.DefaultMavenResourcesFiltering - Copying 1 resource from src\main\resources to target\classes
2025-07-09 14:33:41,803 [Worker-7: Building] INFO  o.a.m.s.f.DefaultMavenResourcesFiltering - Copying 0 resource from src\main\resources to target\classes
2025-07-09 14:33:41,807 [Worker-7: Building] INFO  o.a.m.s.f.DefaultMavenResourcesFiltering - skip non existing resourceDirectory C:\Users\csung\OneDrive\Desktop\spring\project\PaiChai-app-H\backend\src\test\resources
2025-07-09 14:57:11,330 [Worker-19: Building] INFO  o.a.m.s.f.DefaultMavenResourcesFiltering - Copying 1 resource from src\main\resources to target\classes
2025-07-09 14:57:11,340 [Worker-19: Building] INFO  o.a.m.s.f.DefaultMavenResourcesFiltering - Copying 0 resource from src\main\resources to target\classes
2025-07-09 14:57:11,346 [Worker-19: Building] INFO  o.a.m.s.f.DefaultMavenResourcesFiltering - skip non existing resourceDirectory C:\Users\csung\OneDrive\Desktop\spring\project\PaiChai-app-H\backend\src\test\resources
2025-07-09 15:11:20,934 [Worker-22: Launching backend - HealthBackendApplication] INFO  o.a.m.s.f.DefaultMavenResourcesFiltering - Copying 1 resource from src\main\resources to target\classes
2025-07-09 15:11:20,938 [Worker-22: Launching backend - HealthBackendApplication] INFO  o.a.m.s.f.DefaultMavenResourcesFiltering - Copying 0 resource from src\main\resources to target\classes
2025-07-09 15:11:20,942 [Worker-22: Launching backend - HealthBackendApplication] INFO  o.a.m.s.f.DefaultMavenResourcesFiltering - skip non existing resourceDirectory C:\Users\csung\OneDrive\Desktop\spring\project\PaiChai-app-H\backend\src\test\resources
2025-07-09 15:13:44,683 [Worker-7: Building] INFO  o.a.m.s.f.DefaultMavenResourcesFiltering - Copying 1 resource from src\main\resources to target\classes
2025-07-09 15:13:44,689 [Worker-7: Building] INFO  o.a.m.s.f.DefaultMavenResourcesFiltering - Copying 0 resource from src\main\resources to target\classes
2025-07-09 15:13:44,691 [Worker-7: Building] INFO  o.a.m.s.f.DefaultMavenResourcesFiltering - skip non existing resourceDirectory C:\Users\csung\OneDrive\Desktop\spring\project\PaiChai-app-H\backend\src\test\resources
2025-07-09 21:22:14,638 [Worker-43: Building] INFO  o.a.m.s.f.DefaultMavenResourcesFiltering - Copying 1 resource from src\main\resources to target\classes
2025-07-09 21:22:14,645 [Worker-43: Building] INFO  o.a.m.s.f.DefaultMavenResourcesFiltering - Copying 0 resource from src\main\resources to target\classes
2025-07-09 21:22:14,647 [Worker-43: Building] INFO  o.a.m.s.f.DefaultMavenResourcesFiltering - skip non existing resourceDirectory C:\Users\csung\OneDrive\Desktop\spring\project\PaiChai-app-H\backend\src\test\resources
2025-07-15 17:13:58,669 [Worker-6: Loading available Gradle versions] INFO  o.e.b.c.i.u.g.PublishedGradleVersions - Gradle version information cache is out-of-date. Trying to update.
2025-07-15 17:14:01,486 [Worker-16: Building] INFO  o.a.m.s.f.DefaultMavenResourcesFiltering - Copying 1 resource from src\main\resources to target\classes
2025-07-15 17:14:01,503 [Worker-16: Building] INFO  o.a.m.s.f.DefaultMavenResourcesFiltering - Copying 0 resource from src\main\resources to target\classes
2025-07-15 17:14:01,508 [Worker-16: Building] INFO  o.a.m.s.f.DefaultMavenResourcesFiltering - skip non existing resourceDirectory C:\Users\csung\OneDrive\Desktop\spring\project\PaiChai-app-H\backend\src\test\resources
2025-07-15 17:18:28,279 [Worker-12: Building] INFO  o.a.m.s.f.DefaultMavenResourcesFiltering - Copying 1 resource from src\main\resources to target\classes
2025-07-15 17:18:28,282 [Worker-12: Building] INFO  o.a.m.s.f.DefaultMavenResourcesFiltering - Copying 0 resource from src\main\resources to target\classes
2025-07-15 17:18:28,285 [Worker-12: Building] INFO  o.a.m.s.f.DefaultMavenResourcesFiltering - skip non existing resourceDirectory C:\Users\csung\OneDrive\Desktop\spring\project\PaiChai-app-H\backend\src\test\resources
2025-07-15 17:35:31,292 [Worker-6: Building] INFO  o.a.m.s.f.DefaultMavenResourcesFiltering - Copying 1 resource from src\main\resources to target\classes
2025-07-15 17:35:31,295 [Worker-6: Building] INFO  o.a.m.s.f.DefaultMavenResourcesFiltering - Copying 0 resource from src\main\resources to target\classes
2025-07-15 17:35:31,297 [Worker-6: Building] INFO  o.a.m.s.f.DefaultMavenResourcesFiltering - skip non existing resourceDirectory C:\Users\csung\OneDrive\Desktop\spring\project\PaiChai-app-H\backend\src\test\resources
2025-07-15 17:37:07,103 [Worker-2: Loading available Gradle versions] INFO  o.e.b.c.i.u.g.PublishedGradleVersions - Gradle version information cache is up-to-date. Trying to read.
2025-07-15 17:41:53,010 [Worker-29: Building] INFO  o.a.m.s.f.DefaultMavenResourcesFiltering - Copying 1 resource from src\main\resources to target\classes
2025-07-15 17:41:53,025 [Worker-29: Building] INFO  o.a.m.s.f.DefaultMavenResourcesFiltering - Copying 0 resource from src\main\resources to target\classes
2025-07-15 17:41:53,031 [Worker-29: Building] INFO  o.a.m.s.f.DefaultMavenResourcesFiltering - skip non existing resourceDirectory C:\Users\csung\OneDrive\Desktop\spring\project\PaiChai-app-H\backend\src\test\resources
2025-07-15 18:39:41,060 [Worker-1: Loading available Gradle versions] INFO  o.e.b.c.i.u.g.PublishedGradleVersions - Gradle version information cache is up-to-date. Trying to read.
2025-07-15 18:39:42,932 [Worker-13: Building] INFO  o.a.m.s.f.DefaultMavenResourcesFiltering - Copying 1 resource from src\main\resources to target\classes
2025-07-15 18:39:42,948 [Worker-13: Building] INFO  o.a.m.s.f.DefaultMavenResourcesFiltering - Copying 0 resource from src\main\resources to target\classes
2025-07-15 18:39:42,954 [Worker-13: Building] INFO  o.a.m.s.f.DefaultMavenResourcesFiltering - skip non existing resourceDirectory C:\Users\csung\OneDrive\Desktop\spring\project\PaiChai-app-H\backend\src\test\resources
2025-07-15 19:02:49,646 [Worker-20: Building] INFO  o.a.m.s.f.DefaultMavenResourcesFiltering - Copying 1 resource from src\main\resources to target\classes
2025-07-15 19:02:49,655 [Worker-20: Building] INFO  o.a.m.s.f.DefaultMavenResourcesFiltering - Copying 0 resource from src\main\resources to target\classes
2025-07-15 19:02:49,660 [Worker-20: Building] INFO  o.a.m.s.f.DefaultMavenResourcesFiltering - skip non existing resourceDirectory C:\Users\csung\OneDrive\Desktop\spring\project\PaiChai-app-H\backend\src\test\resources
2025-07-15 19:03:16,418 [Worker-7: Launching backend - HealthBackendApplication] INFO  o.a.m.s.f.DefaultMavenResourcesFiltering - Copying 1 resource from src\main\resources to target\classes
2025-07-15 19:03:16,421 [Worker-7: Launching backend - HealthBackendApplication] INFO  o.a.m.s.f.DefaultMavenResourcesFiltering - Copying 0 resource from src\main\resources to target\classes
2025-07-15 19:03:16,424 [Worker-7: Launching backend - HealthBackendApplication] INFO  o.a.m.s.f.DefaultMavenResourcesFiltering - skip non existing resourceDirectory C:\Users\csung\OneDrive\Desktop\spring\project\PaiChai-app-H\backend\src\test\resources
2025-07-15 19:08:19,263 [Worker-7: Launching backend - HealthBackendApplication] INFO  o.a.m.s.f.DefaultMavenResourcesFiltering - Copying 1 resource from src\main\resources to target\classes
2025-07-15 19:08:19,268 [Worker-7: Launching backend - HealthBackendApplication] INFO  o.a.m.s.f.DefaultMavenResourcesFiltering - Copying 0 resource from src\main\resources to target\classes
2025-07-15 19:08:19,271 [Worker-7: Launching backend - HealthBackendApplication] INFO  o.a.m.s.f.DefaultMavenResourcesFiltering - skip non existing resourceDirectory C:\Users\csung\OneDrive\Desktop\spring\project\PaiChai-app-H\backend\src\test\resources
2025-07-15 19:09:59,468 [Worker-23: Building] INFO  o.a.m.s.f.DefaultMavenResourcesFiltering - Copying 1 resource from src\main\resources to target\classes
2025-07-15 19:09:59,469 [Worker-23: Building] INFO  o.a.m.s.f.DefaultMavenResourcesFiltering - Copying 0 resource from src\main\resources to target\classes
2025-07-15 19:09:59,472 [Worker-23: Building] INFO  o.a.m.s.f.DefaultMavenResourcesFiltering - skip non existing resourceDirectory C:\Users\csung\OneDrive\Desktop\spring\project\PaiChai-app-H\backend\src\test\resources
2025-07-15 19:10:29,212 [Worker-7: Building] INFO  o.a.m.s.f.DefaultMavenResourcesFiltering - Copying 1 resource from src\main\resources to target\classes
2025-07-15 19:10:29,214 [Worker-7: Building] INFO  o.a.m.s.f.DefaultMavenResourcesFiltering - Copying 0 resource from src\main\resources to target\classes
2025-07-15 19:10:29,217 [Worker-7: Building] INFO  o.a.m.s.f.DefaultMavenResourcesFiltering - skip non existing resourceDirectory C:\Users\csung\OneDrive\Desktop\spring\project\PaiChai-app-H\backend\src\test\resources
2025-07-16 08:11:45,663 [Worker-76: Building] INFO  o.a.m.s.f.DefaultMavenResourcesFiltering - Copying 1 resource from src\main\resources to target\classes
2025-07-16 08:11:45,665 [Worker-76: Building] INFO  o.a.m.s.f.DefaultMavenResourcesFiltering - Copying 0 resource from src\main\resources to target\classes
2025-07-16 08:11:45,670 [Worker-76: Building] INFO  o.a.m.s.f.DefaultMavenResourcesFiltering - skip non existing resourceDirectory C:\Users\csung\OneDrive\Desktop\spring\project\PaiChai-app-H\backend\src\test\resources
2025-07-16 08:13:20,493 [Worker-73: Building] INFO  o.a.m.s.f.DefaultMavenResourcesFiltering - Copying 1 resource from src\main\resources to target\classes
2025-07-16 08:13:20,495 [Worker-73: Building] INFO  o.a.m.s.f.DefaultMavenResourcesFiltering - Copying 0 resource from src\main\resources to target\classes
2025-07-16 08:13:20,500 [Worker-73: Building] INFO  o.a.m.s.f.DefaultMavenResourcesFiltering - skip non existing resourceDirectory C:\Users\csung\OneDrive\Desktop\spring\project\PaiChai-app-H\backend\src\test\resources
2025-07-16 08:16:35,262 [Worker-75: Building] INFO  o.a.m.s.f.DefaultMavenResourcesFiltering - Copying 1 resource from src\main\resources to target\classes
2025-07-16 08:16:35,265 [Worker-75: Building] INFO  o.a.m.s.f.DefaultMavenResourcesFiltering - Copying 0 resource from src\main\resources to target\classes
2025-07-16 08:16:35,271 [Worker-75: Building] INFO  o.a.m.s.f.DefaultMavenResourcesFiltering - skip non existing resourceDirectory C:\Users\csung\OneDrive\Desktop\spring\project\PaiChai-app-H\backend\src\test\resources
2025-07-16 08:19:10,629 [Worker-71: Building] INFO  o.a.m.s.f.DefaultMavenResourcesFiltering - Copying 1 resource from src\main\resources to target\classes
2025-07-16 08:19:10,631 [Worker-71: Building] INFO  o.a.m.s.f.DefaultMavenResourcesFiltering - Copying 0 resource from src\main\resources to target\classes
2025-07-16 08:19:10,636 [Worker-71: Building] INFO  o.a.m.s.f.DefaultMavenResourcesFiltering - skip non existing resourceDirectory C:\Users\csung\OneDrive\Desktop\spring\project\PaiChai-app-H\backend\src\test\resources
2025-07-16 08:21:00,846 [Worker-75: Building] INFO  o.a.m.s.f.DefaultMavenResourcesFiltering - Copying 1 resource from src\main\resources to target\classes
2025-07-16 08:21:00,848 [Worker-75: Building] INFO  o.a.m.s.f.DefaultMavenResourcesFiltering - Copying 0 resource from src\main\resources to target\classes
2025-07-16 08:21:00,851 [Worker-75: Building] INFO  o.a.m.s.f.DefaultMavenResourcesFiltering - skip non existing resourceDirectory C:\Users\csung\OneDrive\Desktop\spring\project\PaiChai-app-H\backend\src\test\resources
2025-07-16 08:23:42,357 [Worker-78: Building] INFO  o.a.m.s.f.DefaultMavenResourcesFiltering - Copying 1 resource from src\main\resources to target\classes
2025-07-16 08:23:42,359 [Worker-78: Building] INFO  o.a.m.s.f.DefaultMavenResourcesFiltering - Copying 0 resource from src\main\resources to target\classes
2025-07-16 08:23:42,361 [Worker-78: Building] INFO  o.a.m.s.f.DefaultMavenResourcesFiltering - skip non existing resourceDirectory C:\Users\csung\OneDrive\Desktop\spring\project\PaiChai-app-H\backend\src\test\resources
2025-07-16 08:25:07,236 [Worker-78: Building] INFO  o.a.m.s.f.DefaultMavenResourcesFiltering - Copying 1 resource from src\main\resources to target\classes
2025-07-16 08:25:07,237 [Worker-78: Building] INFO  o.a.m.s.f.DefaultMavenResourcesFiltering - Copying 0 resource from src\main\resources to target\classes
2025-07-16 08:25:07,240 [Worker-78: Building] INFO  o.a.m.s.f.DefaultMavenResourcesFiltering - skip non existing resourceDirectory C:\Users\csung\OneDrive\Desktop\spring\project\PaiChai-app-H\backend\src\test\resources
2025-07-16 08:25:39,325 [Worker-77: Building] INFO  o.a.m.s.f.DefaultMavenResourcesFiltering - Copying 1 resource from src\main\resources to target\classes
2025-07-16 08:25:39,326 [Worker-77: Building] INFO  o.a.m.s.f.DefaultMavenResourcesFiltering - Copying 0 resource from src\main\resources to target\classes
2025-07-16 08:25:39,329 [Worker-77: Building] INFO  o.a.m.s.f.DefaultMavenResourcesFiltering - skip non existing resourceDirectory C:\Users\csung\OneDrive\Desktop\spring\project\PaiChai-app-H\backend\src\test\resources
2025-07-16 08:26:13,810 [Worker-68: Building] INFO  o.a.m.s.f.DefaultMavenResourcesFiltering - Copying 1 resource from src\main\resources to target\classes
2025-07-16 08:26:13,812 [Worker-68: Building] INFO  o.a.m.s.f.DefaultMavenResourcesFiltering - Copying 0 resource from src\main\resources to target\classes
2025-07-16 08:26:13,816 [Worker-68: Building] INFO  o.a.m.s.f.DefaultMavenResourcesFiltering - skip non existing resourceDirectory C:\Users\csung\OneDrive\Desktop\spring\project\PaiChai-app-H\backend\src\test\resources
2025-07-16 08:26:54,877 [Worker-68: Building] INFO  o.a.m.s.f.DefaultMavenResourcesFiltering - Copying 1 resource from src\main\resources to target\classes
2025-07-16 08:26:54,880 [Worker-68: Building] INFO  o.a.m.s.f.DefaultMavenResourcesFiltering - Copying 0 resource from src\main\resources to target\classes
2025-07-16 08:26:54,882 [Worker-68: Building] INFO  o.a.m.s.f.DefaultMavenResourcesFiltering - skip non existing resourceDirectory C:\Users\csung\OneDrive\Desktop\spring\project\PaiChai-app-H\backend\src\test\resources
2025-07-16 08:27:10,153 [Worker-77: Launching backend - HealthBackendApplication] INFO  o.a.m.s.f.DefaultMavenResourcesFiltering - Copying 1 resource from src\main\resources to target\classes
2025-07-16 08:27:10,159 [Worker-77: Launching backend - HealthBackendApplication] INFO  o.a.m.s.f.DefaultMavenResourcesFiltering - Copying 0 resource from src\main\resources to target\classes
2025-07-16 08:27:10,162 [Worker-77: Launching backend - HealthBackendApplication] INFO  o.a.m.s.f.DefaultMavenResourcesFiltering - skip non existing resourceDirectory C:\Users\csung\OneDrive\Desktop\spring\project\PaiChai-app-H\backend\src\test\resources
2025-07-16 08:28:05,993 [Worker-68: Building] INFO  o.a.m.s.f.DefaultMavenResourcesFiltering - Copying 1 resource from src\main\resources to target\classes
2025-07-16 08:28:05,998 [Worker-68: Building] INFO  o.a.m.s.f.DefaultMavenResourcesFiltering - Copying 0 resource from src\main\resources to target\classes
2025-07-16 08:28:06,001 [Worker-68: Building] INFO  o.a.m.s.f.DefaultMavenResourcesFiltering - skip non existing resourceDirectory C:\Users\csung\OneDrive\Desktop\spring\project\PaiChai-app-H\backend\src\test\resources
2025-07-16 22:50:46,195 [Worker-83: Launching backend - HealthBackendApplication] INFO  o.a.m.s.f.DefaultMavenResourcesFiltering - Copying 1 resource from src\main\resources to target\classes
2025-07-16 22:50:46,221 [Worker-83: Launching backend - HealthBackendApplication] INFO  o.a.m.s.f.DefaultMavenResourcesFiltering - Copying 0 resource from src\main\resources to target\classes
2025-07-16 22:50:46,228 [Worker-83: Launching backend - HealthBackendApplication] INFO  o.a.m.s.f.DefaultMavenResourcesFiltering - skip non existing resourceDirectory C:\Users\csung\OneDrive\Desktop\spring\project\PaiChai-app-H\backend\src\test\resources
2025-07-16 22:59:39,958 [Worker-79: Launching backend - HealthBackendApplication] INFO  o.a.m.s.f.DefaultMavenResourcesFiltering - Copying 1 resource from src\main\resources to target\classes
2025-07-16 22:59:39,965 [Worker-79: Launching backend - HealthBackendApplication] INFO  o.a.m.s.f.DefaultMavenResourcesFiltering - Copying 0 resource from src\main\resources to target\classes
2025-07-16 22:59:39,969 [Worker-79: Launching backend - HealthBackendApplication] INFO  o.a.m.s.f.DefaultMavenResourcesFiltering - skip non existing resourceDirectory C:\Users\csung\OneDrive\Desktop\spring\project\PaiChai-app-H\backend\src\test\resources
2025-07-16 23:39:12,634 [Worker-82: Building] INFO  o.a.m.s.f.DefaultMavenResourcesFiltering - Copying 1 resource from src\main\resources to target\classes
2025-07-16 23:39:12,637 [Worker-82: Building] INFO  o.a.m.s.f.DefaultMavenResourcesFiltering - Copying 0 resource from src\main\resources to target\classes
2025-07-16 23:39:12,641 [Worker-82: Building] INFO  o.a.m.s.f.DefaultMavenResourcesFiltering - skip non existing resourceDirectory C:\Users\csung\OneDrive\Desktop\spring\project\PaiChai-app-H\backend\src\test\resources
2025-07-16 23:41:29,928 [Worker-73: Launching backend - HealthBackendApplication] INFO  o.a.m.s.f.DefaultMavenResourcesFiltering - Copying 1 resource from src\main\resources to target\classes
2025-07-16 23:41:29,935 [Worker-73: Launching backend - HealthBackendApplication] INFO  o.a.m.s.f.DefaultMavenResourcesFiltering - Copying 0 resource from src\main\resources to target\classes
2025-07-16 23:41:29,938 [Worker-73: Launching backend - HealthBackendApplication] INFO  o.a.m.s.f.DefaultMavenResourcesFiltering - skip non existing resourceDirectory C:\Users\csung\OneDrive\Desktop\spring\project\PaiChai-app-H\backend\src\test\resources
2025-07-16 23:43:36,376 [Worker-79: Building] INFO  o.a.m.s.f.DefaultMavenResourcesFiltering - Copying 1 resource from src\main\resources to target\classes
2025-07-16 23:43:36,378 [Worker-79: Building] INFO  o.a.m.s.f.DefaultMavenResourcesFiltering - Copying 0 resource from src\main\resources to target\classes
2025-07-16 23:43:36,380 [Worker-79: Building] INFO  o.a.m.s.f.DefaultMavenResourcesFiltering - skip non existing resourceDirectory C:\Users\csung\OneDrive\Desktop\spring\project\PaiChai-app-H\backend\src\test\resources
2025-07-16 23:44:03,153 [Worker-82: Building] INFO  o.a.m.s.f.DefaultMavenResourcesFiltering - Copying 1 resource from src\main\resources to target\classes
2025-07-16 23:44:03,154 [Worker-82: Building] INFO  o.a.m.s.f.DefaultMavenResourcesFiltering - Copying 0 resource from src\main\resources to target\classes
2025-07-16 23:44:03,157 [Worker-82: Building] INFO  o.a.m.s.f.DefaultMavenResourcesFiltering - skip non existing resourceDirectory C:\Users\csung\OneDrive\Desktop\spring\project\PaiChai-app-H\backend\src\test\resources
2025-07-17 04:05:24,960 [Worker-78: Building] INFO  o.a.m.s.f.DefaultMavenResourcesFiltering - Copying 1 resource from src\main\resources to target\classes
2025-07-17 04:05:24,979 [Worker-78: Building] INFO  o.a.m.s.f.DefaultMavenResourcesFiltering - Copying 0 resource from src\main\resources to target\classes
2025-07-17 04:05:24,985 [Worker-78: Building] INFO  o.a.m.s.f.DefaultMavenResourcesFiltering - skip non existing resourceDirectory C:\Users\csung\OneDrive\Desktop\spring\project\PaiChai-app-H\backend\src\test\resources
2025-07-17 04:05:28,451 [Worker-78: Building] INFO  o.a.m.s.f.DefaultMavenResourcesFiltering - Copying 1 resource from src\main\resources to target\classes
2025-07-17 04:05:28,484 [Worker-78: Building] INFO  o.a.m.s.f.DefaultMavenResourcesFiltering - Copying 0 resource from src\main\resources to target\classes
2025-07-17 04:05:28,489 [Worker-78: Building] INFO  o.a.m.s.f.DefaultMavenResourcesFiltering - skip non existing resourceDirectory C:\Users\csung\OneDrive\Desktop\spring\project\PaiChai-app-H\backend\src\test\resources
2025-07-21 09:22:30,520 [Worker-4: Loading available Gradle versions] INFO  o.e.b.c.i.u.g.PublishedGradleVersions - Gradle version information cache is out-of-date. Trying to update.
2025-07-21 09:22:49,968 [Worker-12: Building] INFO  o.a.m.s.f.DefaultMavenResourcesFiltering - Copying 1 resource from src\main\resources to target\classes
2025-07-21 09:22:49,982 [Worker-12: Building] INFO  o.a.m.s.f.DefaultMavenResourcesFiltering - Copying 0 resource from src\main\resources to target\classes
2025-07-21 09:22:49,986 [Worker-12: Building] INFO  o.a.m.s.f.DefaultMavenResourcesFiltering - skip non existing resourceDirectory C:\Users\csung\OneDrive\Desktop\spring\project\PaiChai-app-H\backend\src\test\resources
2025-07-21 09:35:57,056 [Worker-10: Building] INFO  o.a.m.s.f.DefaultMavenResourcesFiltering - Copying 1 resource from src\main\resources to target\classes
2025-07-21 09:35:57,058 [Worker-10: Building] INFO  o.a.m.s.f.DefaultMavenResourcesFiltering - Copying 0 resource from src\main\resources to target\classes
2025-07-21 09:35:57,064 [Worker-10: Building] INFO  o.a.m.s.f.DefaultMavenResourcesFiltering - skip non existing resourceDirectory C:\Users\csung\OneDrive\Desktop\spring\project\PaiChai-app-H\backend\src\test\resources
2025-07-21 09:36:06,712 [Worker-2: Launching backend - HealthBackendApplication] INFO  o.a.m.s.f.DefaultMavenResourcesFiltering - Copying 1 resource from src\main\resources to target\classes
2025-07-21 09:36:06,716 [Worker-2: Launching backend - HealthBackendApplication] INFO  o.a.m.s.f.DefaultMavenResourcesFiltering - Copying 0 resource from src\main\resources to target\classes
2025-07-21 09:36:06,718 [Worker-2: Launching backend - HealthBackendApplication] INFO  o.a.m.s.f.DefaultMavenResourcesFiltering - skip non existing resourceDirectory C:\Users\csung\OneDrive\Desktop\spring\project\PaiChai-app-H\backend\src\test\resources
2025-07-21 09:46:05,790 [Worker-0: Building] INFO  o.a.m.s.f.DefaultMavenResourcesFiltering - Copying 1 resource from src\main\resources to target\classes
2025-07-21 09:46:05,792 [Worker-0: Building] INFO  o.a.m.s.f.DefaultMavenResourcesFiltering - Copying 0 resource from src\main\resources to target\classes
2025-07-21 09:46:05,796 [Worker-0: Building] INFO  o.a.m.s.f.DefaultMavenResourcesFiltering - skip non existing resourceDirectory C:\Users\csung\OneDrive\Desktop\spring\project\PaiChai-app-H\backend\src\test\resources
2025-07-21 09:46:15,556 [Worker-3: Launching backend - HealthBackendApplication] INFO  o.a.m.s.f.DefaultMavenResourcesFiltering - Copying 1 resource from src\main\resources to target\classes
2025-07-21 09:46:15,560 [Worker-3: Launching backend - HealthBackendApplication] INFO  o.a.m.s.f.DefaultMavenResourcesFiltering - Copying 0 resource from src\main\resources to target\classes
2025-07-21 09:46:15,562 [Worker-3: Launching backend - HealthBackendApplication] INFO  o.a.m.s.f.DefaultMavenResourcesFiltering - skip non existing resourceDirectory C:\Users\csung\OneDrive\Desktop\spring\project\PaiChai-app-H\backend\src\test\resources
2025-07-21 09:48:50,897 [Worker-15: Launching Executing verify in C__Users_csung_OneDrive_Desktop_spring_project_PaiChai-app-H_backend] INFO  o.eclipse.m2e.core.internal.Bundles - getClasspathEntries(Bundle=org.eclipse.m2e.maven.runtime_3.9.900.20250220-2013 [364])
2025-07-21 09:48:50,899 [Worker-15: Launching Executing verify in C__Users_csung_OneDrive_Desktop_spring_project_PaiChai-app-H_backend] INFO  o.eclipse.m2e.core.internal.Bundles - 	Entry: C:\Users\csung\OneDrive\Desktop\spring\sts-4.31.0.RELEASE\plugins\org.eclipse.m2e.maven.runtime_3.9.900.20250220-2013
2025-07-21 09:48:50,899 [Worker-15: Launching Executing verify in C__Users_csung_OneDrive_Desktop_spring_project_PaiChai-app-H_backend] INFO  o.eclipse.m2e.core.internal.Bundles - 	Entry: C:\Users\csung\OneDrive\Desktop\spring\sts-4.31.0.RELEASE\plugins\org.eclipse.m2e.maven.runtime_3.9.900.20250220-2013\jars\aopalliance-1.0.jar
2025-07-21 09:48:50,899 [Worker-15: Launching Executing verify in C__Users_csung_OneDrive_Desktop_spring_project_PaiChai-app-H_backend] INFO  o.eclipse.m2e.core.internal.Bundles - 	Entry: C:\Users\csung\OneDrive\Desktop\spring\sts-4.31.0.RELEASE\plugins\org.eclipse.m2e.maven.runtime_3.9.900.20250220-2013\jars\guice-5.1.0.jar
2025-07-21 09:48:50,899 [Worker-15: Launching Executing verify in C__Users_csung_OneDrive_Desktop_spring_project_PaiChai-app-H_backend] INFO  o.eclipse.m2e.core.internal.Bundles - 	Entry: C:\Users\csung\OneDrive\Desktop\spring\sts-4.31.0.RELEASE\plugins\org.eclipse.m2e.maven.runtime_3.9.900.20250220-2013\jars\httpclient-4.5.14.jar
2025-07-21 09:48:50,899 [Worker-15: Launching Executing verify in C__Users_csung_OneDrive_Desktop_spring_project_PaiChai-app-H_backend] INFO  o.eclipse.m2e.core.internal.Bundles - 	Entry: C:\Users\csung\OneDrive\Desktop\spring\sts-4.31.0.RELEASE\plugins\org.eclipse.m2e.maven.runtime_3.9.900.20250220-2013\jars\httpcore-4.4.16.jar
2025-07-21 09:48:50,900 [Worker-15: Launching Executing verify in C__Users_csung_OneDrive_Desktop_spring_project_PaiChai-app-H_backend] INFO  o.eclipse.m2e.core.internal.Bundles - 	Entry: C:\Users\csung\OneDrive\Desktop\spring\sts-4.31.0.RELEASE\plugins\org.eclipse.m2e.maven.runtime_3.9.900.20250220-2013\jars\jansi-2.4.1.jar
2025-07-21 09:48:50,900 [Worker-15: Launching Executing verify in C__Users_csung_OneDrive_Desktop_spring_project_PaiChai-app-H_backend] INFO  o.eclipse.m2e.core.internal.Bundles - 	Entry: C:\Users\csung\OneDrive\Desktop\spring\sts-4.31.0.RELEASE\plugins\org.eclipse.m2e.maven.runtime_3.9.900.20250220-2013\jars\jcl-over-slf4j-1.7.36.jar
2025-07-21 09:48:50,900 [Worker-15: Launching Executing verify in C__Users_csung_OneDrive_Desktop_spring_project_PaiChai-app-H_backend] INFO  o.eclipse.m2e.core.internal.Bundles - 	Entry: C:\Users\csung\OneDrive\Desktop\spring\sts-4.31.0.RELEASE\plugins\org.eclipse.m2e.maven.runtime_3.9.900.20250220-2013\jars\maven-artifact-3.9.9.jar
2025-07-21 09:48:50,900 [Worker-15: Launching Executing verify in C__Users_csung_OneDrive_Desktop_spring_project_PaiChai-app-H_backend] INFO  o.eclipse.m2e.core.internal.Bundles - 	Entry: C:\Users\csung\OneDrive\Desktop\spring\sts-4.31.0.RELEASE\plugins\org.eclipse.m2e.maven.runtime_3.9.900.20250220-2013\jars\maven-builder-support-3.9.9.jar
2025-07-21 09:48:50,900 [Worker-15: Launching Executing verify in C__Users_csung_OneDrive_Desktop_spring_project_PaiChai-app-H_backend] INFO  o.eclipse.m2e.core.internal.Bundles - 	Entry: C:\Users\csung\OneDrive\Desktop\spring\sts-4.31.0.RELEASE\plugins\org.eclipse.m2e.maven.runtime_3.9.900.20250220-2013\jars\maven-compat-3.9.9.jar
2025-07-21 09:48:50,900 [Worker-15: Launching Executing verify in C__Users_csung_OneDrive_Desktop_spring_project_PaiChai-app-H_backend] INFO  o.eclipse.m2e.core.internal.Bundles - 	Entry: C:\Users\csung\OneDrive\Desktop\spring\sts-4.31.0.RELEASE\plugins\org.eclipse.m2e.maven.runtime_3.9.900.20250220-2013\jars\maven-core-3.9.9.jar
2025-07-21 09:48:50,900 [Worker-15: Launching Executing verify in C__Users_csung_OneDrive_Desktop_spring_project_PaiChai-app-H_backend] INFO  o.eclipse.m2e.core.internal.Bundles - 	Entry: C:\Users\csung\OneDrive\Desktop\spring\sts-4.31.0.RELEASE\plugins\org.eclipse.m2e.maven.runtime_3.9.900.20250220-2013\jars\maven-embedder-3.9.9.jar
2025-07-21 09:48:50,900 [Worker-15: Launching Executing verify in C__Users_csung_OneDrive_Desktop_spring_project_PaiChai-app-H_backend] INFO  o.eclipse.m2e.core.internal.Bundles - 	Entry: C:\Users\csung\OneDrive\Desktop\spring\sts-4.31.0.RELEASE\plugins\org.eclipse.m2e.maven.runtime_3.9.900.20250220-2013\jars\maven-model-3.9.9.jar
2025-07-21 09:48:50,900 [Worker-15: Launching Executing verify in C__Users_csung_OneDrive_Desktop_spring_project_PaiChai-app-H_backend] INFO  o.eclipse.m2e.core.internal.Bundles - 	Entry: C:\Users\csung\OneDrive\Desktop\spring\sts-4.31.0.RELEASE\plugins\org.eclipse.m2e.maven.runtime_3.9.900.20250220-2013\jars\maven-model-builder-3.9.9.jar
2025-07-21 09:48:50,901 [Worker-15: Launching Executing verify in C__Users_csung_OneDrive_Desktop_spring_project_PaiChai-app-H_backend] INFO  o.eclipse.m2e.core.internal.Bundles - 	Entry: C:\Users\csung\OneDrive\Desktop\spring\sts-4.31.0.RELEASE\plugins\org.eclipse.m2e.maven.runtime_3.9.900.20250220-2013\jars\maven-plugin-api-3.9.9.jar
2025-07-21 09:48:50,901 [Worker-15: Launching Executing verify in C__Users_csung_OneDrive_Desktop_spring_project_PaiChai-app-H_backend] INFO  o.eclipse.m2e.core.internal.Bundles - 	Entry: C:\Users\csung\OneDrive\Desktop\spring\sts-4.31.0.RELEASE\plugins\org.eclipse.m2e.maven.runtime_3.9.900.20250220-2013\jars\maven-repository-metadata-3.9.9.jar
2025-07-21 09:48:50,901 [Worker-15: Launching Executing verify in C__Users_csung_OneDrive_Desktop_spring_project_PaiChai-app-H_backend] INFO  o.eclipse.m2e.core.internal.Bundles - 	Entry: C:\Users\csung\OneDrive\Desktop\spring\sts-4.31.0.RELEASE\plugins\org.eclipse.m2e.maven.runtime_3.9.900.20250220-2013\jars\maven-resolver-api-1.9.22.jar
2025-07-21 09:48:50,901 [Worker-15: Launching Executing verify in C__Users_csung_OneDrive_Desktop_spring_project_PaiChai-app-H_backend] INFO  o.eclipse.m2e.core.internal.Bundles - 	Entry: C:\Users\csung\OneDrive\Desktop\spring\sts-4.31.0.RELEASE\plugins\org.eclipse.m2e.maven.runtime_3.9.900.20250220-2013\jars\maven-resolver-connector-basic-1.9.22.jar
2025-07-21 09:48:50,901 [Worker-15: Launching Executing verify in C__Users_csung_OneDrive_Desktop_spring_project_PaiChai-app-H_backend] INFO  o.eclipse.m2e.core.internal.Bundles - 	Entry: C:\Users\csung\OneDrive\Desktop\spring\sts-4.31.0.RELEASE\plugins\org.eclipse.m2e.maven.runtime_3.9.900.20250220-2013\jars\maven-resolver-impl-1.9.22.jar
2025-07-21 09:48:50,901 [Worker-15: Launching Executing verify in C__Users_csung_OneDrive_Desktop_spring_project_PaiChai-app-H_backend] INFO  o.eclipse.m2e.core.internal.Bundles - 	Entry: C:\Users\csung\OneDrive\Desktop\spring\sts-4.31.0.RELEASE\plugins\org.eclipse.m2e.maven.runtime_3.9.900.20250220-2013\jars\maven-resolver-named-locks-1.9.22.jar
2025-07-21 09:48:50,902 [Worker-15: Launching Executing verify in C__Users_csung_OneDrive_Desktop_spring_project_PaiChai-app-H_backend] INFO  o.eclipse.m2e.core.internal.Bundles - 	Entry: C:\Users\csung\OneDrive\Desktop\spring\sts-4.31.0.RELEASE\plugins\org.eclipse.m2e.maven.runtime_3.9.900.20250220-2013\jars\maven-resolver-provider-3.9.9.jar
2025-07-21 09:48:50,902 [Worker-15: Launching Executing verify in C__Users_csung_OneDrive_Desktop_spring_project_PaiChai-app-H_backend] INFO  o.eclipse.m2e.core.internal.Bundles - 	Entry: C:\Users\csung\OneDrive\Desktop\spring\sts-4.31.0.RELEASE\plugins\org.eclipse.m2e.maven.runtime_3.9.900.20250220-2013\jars\maven-resolver-spi-1.9.22.jar
2025-07-21 09:48:50,902 [Worker-15: Launching Executing verify in C__Users_csung_OneDrive_Desktop_spring_project_PaiChai-app-H_backend] INFO  o.eclipse.m2e.core.internal.Bundles - 	Entry: C:\Users\csung\OneDrive\Desktop\spring\sts-4.31.0.RELEASE\plugins\org.eclipse.m2e.maven.runtime_3.9.900.20250220-2013\jars\maven-resolver-transport-file-1.9.22.jar
2025-07-21 09:48:50,902 [Worker-15: Launching Executing verify in C__Users_csung_OneDrive_Desktop_spring_project_PaiChai-app-H_backend] INFO  o.eclipse.m2e.core.internal.Bundles - 	Entry: C:\Users\csung\OneDrive\Desktop\spring\sts-4.31.0.RELEASE\plugins\org.eclipse.m2e.maven.runtime_3.9.900.20250220-2013\jars\maven-resolver-transport-http-1.9.22.jar
2025-07-21 09:48:50,902 [Worker-15: Launching Executing verify in C__Users_csung_OneDrive_Desktop_spring_project_PaiChai-app-H_backend] INFO  o.eclipse.m2e.core.internal.Bundles - 	Entry: C:\Users\csung\OneDrive\Desktop\spring\sts-4.31.0.RELEASE\plugins\org.eclipse.m2e.maven.runtime_3.9.900.20250220-2013\jars\maven-resolver-transport-wagon-1.9.22.jar
2025-07-21 09:48:50,902 [Worker-15: Launching Executing verify in C__Users_csung_OneDrive_Desktop_spring_project_PaiChai-app-H_backend] INFO  o.eclipse.m2e.core.internal.Bundles - 	Entry: C:\Users\csung\OneDrive\Desktop\spring\sts-4.31.0.RELEASE\plugins\org.eclipse.m2e.maven.runtime_3.9.900.20250220-2013\jars\maven-resolver-util-1.9.22.jar
2025-07-21 09:48:50,903 [Worker-15: Launching Executing verify in C__Users_csung_OneDrive_Desktop_spring_project_PaiChai-app-H_backend] INFO  o.eclipse.m2e.core.internal.Bundles - 	Entry: C:\Users\csung\OneDrive\Desktop\spring\sts-4.31.0.RELEASE\plugins\org.eclipse.m2e.maven.runtime_3.9.900.20250220-2013\jars\maven-settings-3.9.9.jar
2025-07-21 09:48:50,903 [Worker-15: Launching Executing verify in C__Users_csung_OneDrive_Desktop_spring_project_PaiChai-app-H_backend] INFO  o.eclipse.m2e.core.internal.Bundles - 	Entry: C:\Users\csung\OneDrive\Desktop\spring\sts-4.31.0.RELEASE\plugins\org.eclipse.m2e.maven.runtime_3.9.900.20250220-2013\jars\maven-settings-builder-3.9.9.jar
2025-07-21 09:48:50,903 [Worker-15: Launching Executing verify in C__Users_csung_OneDrive_Desktop_spring_project_PaiChai-app-H_backend] INFO  o.eclipse.m2e.core.internal.Bundles - 	Entry: C:\Users\csung\OneDrive\Desktop\spring\sts-4.31.0.RELEASE\plugins\org.eclipse.m2e.maven.runtime_3.9.900.20250220-2013\jars\maven-shared-utils-3.4.2.jar
2025-07-21 09:48:50,903 [Worker-15: Launching Executing verify in C__Users_csung_OneDrive_Desktop_spring_project_PaiChai-app-H_backend] INFO  o.eclipse.m2e.core.internal.Bundles - 	Entry: C:\Users\csung\OneDrive\Desktop\spring\sts-4.31.0.RELEASE\plugins\org.eclipse.m2e.maven.runtime_3.9.900.20250220-2013\jars\org.eclipse.sisu.inject-0.9.0.M3.jar
2025-07-21 09:48:50,903 [Worker-15: Launching Executing verify in C__Users_csung_OneDrive_Desktop_spring_project_PaiChai-app-H_backend] INFO  o.eclipse.m2e.core.internal.Bundles - 	Entry: C:\Users\csung\OneDrive\Desktop\spring\sts-4.31.0.RELEASE\plugins\org.eclipse.m2e.maven.runtime_3.9.900.20250220-2013\jars\org.eclipse.sisu.plexus-0.9.0.M3.jar
2025-07-21 09:48:50,903 [Worker-15: Launching Executing verify in C__Users_csung_OneDrive_Desktop_spring_project_PaiChai-app-H_backend] INFO  o.eclipse.m2e.core.internal.Bundles - 	Entry: C:\Users\csung\OneDrive\Desktop\spring\sts-4.31.0.RELEASE\plugins\org.eclipse.m2e.maven.runtime_3.9.900.20250220-2013\jars\plexus-build-api-0.0.7.jar
2025-07-21 09:48:50,903 [Worker-15: Launching Executing verify in C__Users_csung_OneDrive_Desktop_spring_project_PaiChai-app-H_backend] INFO  o.eclipse.m2e.core.internal.Bundles - 	Entry: C:\Users\csung\OneDrive\Desktop\spring\sts-4.31.0.RELEASE\plugins\org.eclipse.m2e.maven.runtime_3.9.900.20250220-2013\jars\plexus-build-api-1.2.0.jar
2025-07-21 09:48:50,903 [Worker-15: Launching Executing verify in C__Users_csung_OneDrive_Desktop_spring_project_PaiChai-app-H_backend] INFO  o.eclipse.m2e.core.internal.Bundles - 	Entry: C:\Users\csung\OneDrive\Desktop\spring\sts-4.31.0.RELEASE\plugins\org.eclipse.m2e.maven.runtime_3.9.900.20250220-2013\jars\plexus-cipher-2.0.jar
2025-07-21 09:48:50,903 [Worker-15: Launching Executing verify in C__Users_csung_OneDrive_Desktop_spring_project_PaiChai-app-H_backend] INFO  o.eclipse.m2e.core.internal.Bundles - 	Entry: C:\Users\csung\OneDrive\Desktop\spring\sts-4.31.0.RELEASE\plugins\org.eclipse.m2e.maven.runtime_3.9.900.20250220-2013\jars\plexus-classworlds-2.8.0.jar
2025-07-21 09:48:50,905 [Worker-15: Launching Executing verify in C__Users_csung_OneDrive_Desktop_spring_project_PaiChai-app-H_backend] INFO  o.eclipse.m2e.core.internal.Bundles - 	Entry: C:\Users\csung\OneDrive\Desktop\spring\sts-4.31.0.RELEASE\plugins\org.eclipse.m2e.maven.runtime_3.9.900.20250220-2013\jars\plexus-component-annotations-2.1.0.jar
2025-07-21 09:48:50,905 [Worker-15: Launching Executing verify in C__Users_csung_OneDrive_Desktop_spring_project_PaiChai-app-H_backend] INFO  o.eclipse.m2e.core.internal.Bundles - 	Entry: C:\Users\csung\OneDrive\Desktop\spring\sts-4.31.0.RELEASE\plugins\org.eclipse.m2e.maven.runtime_3.9.900.20250220-2013\jars\plexus-interpolation-1.27.jar
2025-07-21 09:48:50,905 [Worker-15: Launching Executing verify in C__Users_csung_OneDrive_Desktop_spring_project_PaiChai-app-H_backend] INFO  o.eclipse.m2e.core.internal.Bundles - 	Entry: C:\Users\csung\OneDrive\Desktop\spring\sts-4.31.0.RELEASE\plugins\org.eclipse.m2e.maven.runtime_3.9.900.20250220-2013\jars\plexus-sec-dispatcher-2.0.jar
2025-07-21 09:48:50,905 [Worker-15: Launching Executing verify in C__Users_csung_OneDrive_Desktop_spring_project_PaiChai-app-H_backend] INFO  o.eclipse.m2e.core.internal.Bundles - 	Entry: C:\Users\csung\OneDrive\Desktop\spring\sts-4.31.0.RELEASE\plugins\org.eclipse.m2e.maven.runtime_3.9.900.20250220-2013\jars\plexus-utils-3.5.1.jar
2025-07-21 09:48:50,905 [Worker-15: Launching Executing verify in C__Users_csung_OneDrive_Desktop_spring_project_PaiChai-app-H_backend] INFO  o.eclipse.m2e.core.internal.Bundles - 	Entry: C:\Users\csung\OneDrive\Desktop\spring\sts-4.31.0.RELEASE\plugins\org.eclipse.m2e.maven.runtime_3.9.900.20250220-2013\jars\plexus-xml-3.0.1.jar
2025-07-21 09:48:50,905 [Worker-15: Launching Executing verify in C__Users_csung_OneDrive_Desktop_spring_project_PaiChai-app-H_backend] INFO  o.eclipse.m2e.core.internal.Bundles - 	Entry: C:\Users\csung\OneDrive\Desktop\spring\sts-4.31.0.RELEASE\plugins\org.eclipse.m2e.maven.runtime_3.9.900.20250220-2013\jars\wagon-file-3.5.3.jar
2025-07-21 09:48:50,905 [Worker-15: Launching Executing verify in C__Users_csung_OneDrive_Desktop_spring_project_PaiChai-app-H_backend] INFO  o.eclipse.m2e.core.internal.Bundles - 	Entry: C:\Users\csung\OneDrive\Desktop\spring\sts-4.31.0.RELEASE\plugins\org.eclipse.m2e.maven.runtime_3.9.900.20250220-2013\jars\wagon-http-3.5.3.jar
2025-07-21 09:48:50,905 [Worker-15: Launching Executing verify in C__Users_csung_OneDrive_Desktop_spring_project_PaiChai-app-H_backend] INFO  o.eclipse.m2e.core.internal.Bundles - 	Entry: C:\Users\csung\OneDrive\Desktop\spring\sts-4.31.0.RELEASE\plugins\org.eclipse.m2e.maven.runtime_3.9.900.20250220-2013\jars\wagon-http-shared-3.5.3.jar
2025-07-21 09:48:50,905 [Worker-15: Launching Executing verify in C__Users_csung_OneDrive_Desktop_spring_project_PaiChai-app-H_backend] INFO  o.eclipse.m2e.core.internal.Bundles - 	Entry: C:\Users\csung\OneDrive\Desktop\spring\sts-4.31.0.RELEASE\plugins\org.eclipse.m2e.maven.runtime_3.9.900.20250220-2013\jars\wagon-provider-api-3.5.3.jar
2025-07-21 09:48:50,906 [Worker-15: Launching Executing verify in C__Users_csung_OneDrive_Desktop_spring_project_PaiChai-app-H_backend] INFO  o.eclipse.m2e.core.internal.Bundles - getClasspathEntries(Bundle=com.google.guava_33.4.8.jre [31])
2025-07-21 09:48:50,907 [Worker-15: Launching Executing verify in C__Users_csung_OneDrive_Desktop_spring_project_PaiChai-app-H_backend] INFO  o.eclipse.m2e.core.internal.Bundles - 	Entry: C:\Users\csung\OneDrive\Desktop\spring\sts-4.31.0.RELEASE\plugins\com.google.guava_33.4.8.jre.jar
2025-07-21 09:48:50,907 [Worker-15: Launching Executing verify in C__Users_csung_OneDrive_Desktop_spring_project_PaiChai-app-H_backend] INFO  o.eclipse.m2e.core.internal.Bundles - getClasspathEntries(Bundle=slf4j.api_2.0.17 [613])
2025-07-21 09:48:50,907 [Worker-15: Launching Executing verify in C__Users_csung_OneDrive_Desktop_spring_project_PaiChai-app-H_backend] INFO  o.eclipse.m2e.core.internal.Bundles - 	Entry: C:\Users\csung\OneDrive\Desktop\spring\sts-4.31.0.RELEASE\plugins\slf4j.api_2.0.17.jar
2025-07-21 09:48:50,907 [Worker-15: Launching Executing verify in C__Users_csung_OneDrive_Desktop_spring_project_PaiChai-app-H_backend] INFO  o.eclipse.m2e.core.internal.Bundles - getClasspathEntries(Bundle=jakarta.inject.jakarta.inject-api_1.0.5 [46])
2025-07-21 09:48:50,908 [Worker-15: Launching Executing verify in C__Users_csung_OneDrive_Desktop_spring_project_PaiChai-app-H_backend] INFO  o.eclipse.m2e.core.internal.Bundles - 	Entry: C:\Users\csung\OneDrive\Desktop\spring\sts-4.31.0.RELEASE\plugins\jakarta.inject.jakarta.inject-api_1.0.5.jar
2025-07-21 09:48:50,908 [Worker-15: Launching Executing verify in C__Users_csung_OneDrive_Desktop_spring_project_PaiChai-app-H_backend] INFO  o.eclipse.m2e.core.internal.Bundles - getClasspathEntries(Bundle=javax.annotation_1.3.5.v20200909-1856 [55])
2025-07-21 09:48:50,908 [Worker-15: Launching Executing verify in C__Users_csung_OneDrive_Desktop_spring_project_PaiChai-app-H_backend] INFO  o.eclipse.m2e.core.internal.Bundles - 	Entry: C:\Users\csung\OneDrive\Desktop\spring\sts-4.31.0.RELEASE\plugins\javax.annotation_1.3.5.v20200909-1856.jar
2025-07-21 09:48:50,908 [Worker-15: Launching Executing verify in C__Users_csung_OneDrive_Desktop_spring_project_PaiChai-app-H_backend] INFO  o.eclipse.m2e.core.internal.Bundles - getClasspathEntries(Bundle=org.apache.commons.cli_1.9.0 [79])
2025-07-21 09:48:50,908 [Worker-15: Launching Executing verify in C__Users_csung_OneDrive_Desktop_spring_project_PaiChai-app-H_backend] INFO  o.eclipse.m2e.core.internal.Bundles - 	Entry: C:\Users\csung\OneDrive\Desktop\spring\sts-4.31.0.RELEASE\plugins\org.apache.commons.cli_1.9.0.jar
2025-07-21 09:48:50,908 [Worker-15: Launching Executing verify in C__Users_csung_OneDrive_Desktop_spring_project_PaiChai-app-H_backend] INFO  o.eclipse.m2e.core.internal.Bundles - getClasspathEntries(Bundle=org.apache.commons.commons-codec_1.16.0 [81])
2025-07-21 09:48:50,909 [Worker-15: Launching Executing verify in C__Users_csung_OneDrive_Desktop_spring_project_PaiChai-app-H_backend] INFO  o.eclipse.m2e.core.internal.Bundles - 	Entry: C:\Users\csung\OneDrive\Desktop\spring\sts-4.31.0.RELEASE\plugins\org.apache.commons.commons-codec_1.16.0.jar
2025-07-21 09:48:50,909 [Worker-15: Launching Executing verify in C__Users_csung_OneDrive_Desktop_spring_project_PaiChai-app-H_backend] INFO  o.eclipse.m2e.core.internal.Bundles - getClasspathEntries(Bundle=com.google.guava.failureaccess_1.0.3 [32])
2025-07-21 09:48:50,909 [Worker-15: Launching Executing verify in C__Users_csung_OneDrive_Desktop_spring_project_PaiChai-app-H_backend] INFO  o.eclipse.m2e.core.internal.Bundles - 	Entry: C:\Users\csung\OneDrive\Desktop\spring\sts-4.31.0.RELEASE\plugins\com.google.guava.failureaccess_1.0.3.jar
2025-07-21 09:48:50,912 [Worker-15: Launching Executing verify in C__Users_csung_OneDrive_Desktop_spring_project_PaiChai-app-H_backend] INFO  o.e.m.i.launch.MavenLaunchDelegate - Run build in "C:\Users\csung\OneDrive\Desktop\spring\project\PaiChai-app-H\backend":
2025-07-21 09:48:50,912 [Worker-15: Launching Executing verify in C__Users_csung_OneDrive_Desktop_spring_project_PaiChai-app-H_backend] INFO  o.e.m.i.launch.MavenLaunchDelegate -  mvn  -B -Dstyle.color=always verify
2025-07-21 09:48:58,942 [Worker-6: Launching backend - HealthBackendApplication] INFO  o.a.m.s.f.DefaultMavenResourcesFiltering - Copying 1 resource from src\main\resources to target\classes
2025-07-21 09:48:58,945 [Worker-6: Launching backend - HealthBackendApplication] INFO  o.a.m.s.f.DefaultMavenResourcesFiltering - Copying 0 resource from src\main\resources to target\classes
2025-07-21 09:48:58,947 [Worker-6: Launching backend - HealthBackendApplication] INFO  o.a.m.s.f.DefaultMavenResourcesFiltering - skip non existing resourceDirectory C:\Users\csung\OneDrive\Desktop\spring\project\PaiChai-app-H\backend\src\test\resources
2025-07-21 09:50:30,241 [Worker-0: Launching backend - HealthBackendApplication] INFO  o.a.m.s.f.DefaultMavenResourcesFiltering - Copying 1 resource from src\main\resources to target\classes
2025-07-21 09:50:30,246 [Worker-0: Launching backend - HealthBackendApplication] INFO  o.a.m.s.f.DefaultMavenResourcesFiltering - Copying 0 resource from src\main\resources to target\classes
2025-07-21 09:50:30,253 [Worker-0: Launching backend - HealthBackendApplication] INFO  o.a.m.s.f.DefaultMavenResourcesFiltering - skip non existing resourceDirectory C:\Users\csung\OneDrive\Desktop\spring\project\PaiChai-app-H\backend\src\test\resources
2025-07-21 13:14:30,780 [Worker-10: Building] INFO  o.a.m.s.f.DefaultMavenResourcesFiltering - Copying 1 resource from src\main\resources to target\classes
2025-07-21 13:14:30,785 [Worker-10: Building] INFO  o.a.m.s.f.DefaultMavenResourcesFiltering - Copying 0 resource from src\main\resources to target\classes
2025-07-21 13:14:30,788 [Worker-10: Building] INFO  o.a.m.s.f.DefaultMavenResourcesFiltering - skip non existing resourceDirectory C:\Users\csung\OneDrive\Desktop\spring\project\PaiChai-app-H\backend\src\test\resources
2025-07-21 13:14:37,875 [Worker-15: Building] INFO  o.a.m.s.f.DefaultMavenResourcesFiltering - Copying 1 resource from src\main\resources to target\classes
2025-07-21 13:14:37,883 [Worker-15: Building] INFO  o.a.m.s.f.DefaultMavenResourcesFiltering - Copying 0 resource from src\main\resources to target\classes
2025-07-21 13:14:37,888 [Worker-15: Building] INFO  o.a.m.s.f.DefaultMavenResourcesFiltering - skip non existing resourceDirectory C:\Users\csung\OneDrive\Desktop\spring\project\PaiChai-app-H\backend\src\test\resources
2025-07-21 13:15:30,748 [Worker-11: Building] INFO  o.a.m.s.f.DefaultMavenResourcesFiltering - Copying 1 resource from src\main\resources to target\classes
2025-07-21 13:15:30,751 [Worker-11: Building] INFO  o.a.m.s.f.DefaultMavenResourcesFiltering - Copying 0 resource from src\main\resources to target\classes
2025-07-21 13:15:30,755 [Worker-11: Building] INFO  o.a.m.s.f.DefaultMavenResourcesFiltering - skip non existing resourceDirectory C:\Users\csung\OneDrive\Desktop\spring\project\PaiChai-app-H\backend\src\test\resources
2025-07-21 13:34:00,022 [Worker-11: Building] INFO  o.a.m.s.f.DefaultMavenResourcesFiltering - Copying 1 resource from src\main\resources to target\classes
2025-07-21 13:34:00,026 [Worker-11: Building] INFO  o.a.m.s.f.DefaultMavenResourcesFiltering - Copying 0 resource from src\main\resources to target\classes
2025-07-21 13:34:00,030 [Worker-11: Building] INFO  o.a.m.s.f.DefaultMavenResourcesFiltering - skip non existing resourceDirectory C:\Users\csung\OneDrive\Desktop\spring\project\PaiChai-app-H\backend\src\test\resources
2025-07-21 13:34:12,940 [Worker-6: Building] INFO  o.a.m.s.f.DefaultMavenResourcesFiltering - Copying 1 resource from src\main\resources to target\classes
2025-07-21 13:34:12,944 [Worker-6: Building] INFO  o.a.m.s.f.DefaultMavenResourcesFiltering - Copying 0 resource from src\main\resources to target\classes
2025-07-21 13:34:12,946 [Worker-6: Building] INFO  o.a.m.s.f.DefaultMavenResourcesFiltering - skip non existing resourceDirectory C:\Users\csung\OneDrive\Desktop\spring\project\PaiChai-app-H\backend\src\test\resources
2025-07-21 13:34:26,584 [Worker-13: Building] INFO  o.a.m.s.f.DefaultMavenResourcesFiltering - Copying 1 resource from src\main\resources to target\classes
2025-07-21 13:34:26,589 [Worker-13: Building] INFO  o.a.m.s.f.DefaultMavenResourcesFiltering - Copying 0 resource from src\main\resources to target\classes
2025-07-21 13:34:26,591 [Worker-13: Building] INFO  o.a.m.s.f.DefaultMavenResourcesFiltering - skip non existing resourceDirectory C:\Users\csung\OneDrive\Desktop\spring\project\PaiChai-app-H\backend\src\test\resources
2025-07-21 13:34:40,746 [Worker-10: Building] INFO  o.a.m.s.f.DefaultMavenResourcesFiltering - Copying 1 resource from src\main\resources to target\classes
2025-07-21 13:34:40,749 [Worker-10: Building] INFO  o.a.m.s.f.DefaultMavenResourcesFiltering - Copying 0 resource from src\main\resources to target\classes
2025-07-21 13:34:40,751 [Worker-10: Building] INFO  o.a.m.s.f.DefaultMavenResourcesFiltering - skip non existing resourceDirectory C:\Users\csung\OneDrive\Desktop\spring\project\PaiChai-app-H\backend\src\test\resources
2025-07-21 13:34:49,709 [Worker-9: Building] INFO  o.a.m.s.f.DefaultMavenResourcesFiltering - Copying 1 resource from src\main\resources to target\classes
2025-07-21 13:34:49,713 [Worker-9: Building] INFO  o.a.m.s.f.DefaultMavenResourcesFiltering - Copying 0 resource from src\main\resources to target\classes
2025-07-21 13:34:49,714 [Worker-9: Building] INFO  o.a.m.s.f.DefaultMavenResourcesFiltering - skip non existing resourceDirectory C:\Users\csung\OneDrive\Desktop\spring\project\PaiChai-app-H\backend\src\test\resources
2025-07-21 13:37:38,526 [Worker-15: Building] INFO  o.a.m.s.f.DefaultMavenResourcesFiltering - Copying 1 resource from src\main\resources to target\classes
2025-07-21 13:37:38,533 [Worker-15: Building] INFO  o.a.m.s.f.DefaultMavenResourcesFiltering - Copying 0 resource from src\main\resources to target\classes
2025-07-21 13:37:38,536 [Worker-15: Building] INFO  o.a.m.s.f.DefaultMavenResourcesFiltering - skip non existing resourceDirectory C:\Users\csung\OneDrive\Desktop\spring\project\PaiChai-app-H\backend\src\test\resources
2025-07-21 13:38:41,104 [Worker-4: Building] INFO  o.a.m.s.f.DefaultMavenResourcesFiltering - Copying 1 resource from src\main\resources to target\classes
2025-07-21 13:38:41,106 [Worker-4: Building] INFO  o.a.m.s.f.DefaultMavenResourcesFiltering - Copying 0 resource from src\main\resources to target\classes
2025-07-21 13:38:41,108 [Worker-4: Building] INFO  o.a.m.s.f.DefaultMavenResourcesFiltering - skip non existing resourceDirectory C:\Users\csung\OneDrive\Desktop\spring\project\PaiChai-app-H\backend\src\test\resources
2025-07-21 13:43:38,725 [Worker-2: Building] INFO  o.a.m.s.f.DefaultMavenResourcesFiltering - Copying 1 resource from src\main\resources to target\classes
2025-07-21 13:43:38,726 [Worker-2: Building] INFO  o.a.m.s.f.DefaultMavenResourcesFiltering - Copying 0 resource from src\main\resources to target\classes
2025-07-21 13:43:38,729 [Worker-2: Building] INFO  o.a.m.s.f.DefaultMavenResourcesFiltering - skip non existing resourceDirectory C:\Users\csung\OneDrive\Desktop\spring\project\PaiChai-app-H\backend\src\test\resources
2025-07-21 13:45:53,507 [Worker-2: Building] INFO  o.a.m.s.f.DefaultMavenResourcesFiltering - Copying 1 resource from src\main\resources to target\classes
2025-07-21 13:45:53,508 [Worker-2: Building] INFO  o.a.m.s.f.DefaultMavenResourcesFiltering - Copying 0 resource from src\main\resources to target\classes
2025-07-21 13:45:53,511 [Worker-2: Building] INFO  o.a.m.s.f.DefaultMavenResourcesFiltering - skip non existing resourceDirectory C:\Users\csung\OneDrive\Desktop\spring\project\PaiChai-app-H\backend\src\test\resources
2025-07-21 13:46:44,360 [Worker-4: Building] INFO  o.a.m.s.f.DefaultMavenResourcesFiltering - Copying 1 resource from src\main\resources to target\classes
2025-07-21 13:46:44,361 [Worker-4: Building] INFO  o.a.m.s.f.DefaultMavenResourcesFiltering - Copying 0 resource from src\main\resources to target\classes
2025-07-21 13:46:44,365 [Worker-4: Building] INFO  o.a.m.s.f.DefaultMavenResourcesFiltering - skip non existing resourceDirectory C:\Users\csung\OneDrive\Desktop\spring\project\PaiChai-app-H\backend\src\test\resources
2025-07-21 13:47:16,833 [Worker-13: Building] INFO  o.a.m.s.f.DefaultMavenResourcesFiltering - Copying 1 resource from src\main\resources to target\classes
2025-07-21 13:47:16,834 [Worker-13: Building] INFO  o.a.m.s.f.DefaultMavenResourcesFiltering - Copying 0 resource from src\main\resources to target\classes
2025-07-21 13:47:16,836 [Worker-13: Building] INFO  o.a.m.s.f.DefaultMavenResourcesFiltering - skip non existing resourceDirectory C:\Users\csung\OneDrive\Desktop\spring\project\PaiChai-app-H\backend\src\test\resources
2025-07-21 13:50:35,474 [Worker-15: Building] INFO  o.a.m.s.f.DefaultMavenResourcesFiltering - Copying 1 resource from src\main\resources to target\classes
2025-07-21 13:50:35,475 [Worker-15: Building] INFO  o.a.m.s.f.DefaultMavenResourcesFiltering - Copying 0 resource from src\main\resources to target\classes
2025-07-21 13:50:35,478 [Worker-15: Building] INFO  o.a.m.s.f.DefaultMavenResourcesFiltering - skip non existing resourceDirectory C:\Users\csung\OneDrive\Desktop\spring\project\PaiChai-app-H\backend\src\test\resources
2025-07-21 14:02:34,706 [Worker-2: Launching backend - HealthBackendApplication] INFO  o.a.m.s.f.DefaultMavenResourcesFiltering - Copying 1 resource from src\main\resources to target\classes
2025-07-21 14:02:34,710 [Worker-2: Launching backend - HealthBackendApplication] INFO  o.a.m.s.f.DefaultMavenResourcesFiltering - Copying 0 resource from src\main\resources to target\classes
2025-07-21 14:02:34,713 [Worker-2: Launching backend - HealthBackendApplication] INFO  o.a.m.s.f.DefaultMavenResourcesFiltering - skip non existing resourceDirectory C:\Users\csung\OneDrive\Desktop\spring\project\PaiChai-app-H\backend\src\test\resources
2025-07-22 00:31:34,741 [Worker-15: Building] INFO  o.a.m.s.f.DefaultMavenResourcesFiltering - Copying 1 resource from src\main\resources to target\classes
2025-07-22 00:31:34,772 [Worker-15: Building] INFO  o.a.m.s.f.DefaultMavenResourcesFiltering - Copying 0 resource from src\main\resources to target\classes
2025-07-22 00:31:34,782 [Worker-15: Building] INFO  o.a.m.s.f.DefaultMavenResourcesFiltering - skip non existing resourceDirectory C:\Users\csung\OneDrive\Desktop\spring\project\PaiChai-app-H\backend\src\test\resources
2025-07-22 15:00:43,954 [Worker-4: Loading available Gradle versions] INFO  o.e.b.c.i.u.g.PublishedGradleVersions - Gradle version information cache is out-of-date. Trying to update.
2025-07-22 15:02:24,684 [Worker-6: Building] INFO  o.a.m.s.f.DefaultMavenResourcesFiltering - Copying 1 resource from src\main\resources to target\classes
2025-07-22 15:02:24,698 [Worker-6: Building] INFO  o.a.m.s.f.DefaultMavenResourcesFiltering - Copying 0 resource from src\main\resources to target\classes
2025-07-22 15:02:24,702 [Worker-6: Building] INFO  o.a.m.s.f.DefaultMavenResourcesFiltering - skip non existing resourceDirectory C:\Users\csung\OneDrive\Desktop\spring\project\PaiChai-app-H\backend\src\test\resources
2025-07-22 15:02:33,663 [Worker-11: Building] INFO  o.a.m.s.f.DefaultMavenResourcesFiltering - Copying 1 resource from src\main\resources to target\classes
2025-07-22 15:02:33,668 [Worker-11: Building] INFO  o.a.m.s.f.DefaultMavenResourcesFiltering - Copying 0 resource from src\main\resources to target\classes
2025-07-22 15:02:33,671 [Worker-11: Building] INFO  o.a.m.s.f.DefaultMavenResourcesFiltering - skip non existing resourceDirectory C:\Users\csung\OneDrive\Desktop\spring\project\PaiChai-app-H\backend\src\test\resources
2025-07-22 15:02:53,632 [Worker-10: Building] INFO  o.a.m.s.f.DefaultMavenResourcesFiltering - Copying 1 resource from src\main\resources to target\classes
2025-07-22 15:02:53,639 [Worker-10: Building] INFO  o.a.m.s.f.DefaultMavenResourcesFiltering - Copying 0 resource from src\main\resources to target\classes
2025-07-22 15:02:53,646 [Worker-10: Building] INFO  o.a.m.s.f.DefaultMavenResourcesFiltering - skip non existing resourceDirectory C:\Users\csung\OneDrive\Desktop\spring\project\PaiChai-app-H\backend\src\test\resources
2025-07-22 15:04:06,330 [Worker-8: Building] INFO  o.a.m.s.f.DefaultMavenResourcesFiltering - Copying 1 resource from src\main\resources to target\classes
2025-07-22 15:04:06,334 [Worker-8: Building] INFO  o.a.m.s.f.DefaultMavenResourcesFiltering - Copying 0 resource from src\main\resources to target\classes
2025-07-22 15:04:06,336 [Worker-8: Building] INFO  o.a.m.s.f.DefaultMavenResourcesFiltering - skip non existing resourceDirectory C:\Users\csung\OneDrive\Desktop\spring\project\PaiChai-app-H\backend\src\test\resources
2025-07-22 15:04:48,895 [Worker-6: Building] INFO  o.a.m.s.f.DefaultMavenResourcesFiltering - Copying 1 resource from src\main\resources to target\classes
2025-07-22 15:04:48,899 [Worker-6: Building] INFO  o.a.m.s.f.DefaultMavenResourcesFiltering - Copying 0 resource from src\main\resources to target\classes
2025-07-22 15:04:48,901 [Worker-6: Building] INFO  o.a.m.s.f.DefaultMavenResourcesFiltering - skip non existing resourceDirectory C:\Users\csung\OneDrive\Desktop\spring\project\PaiChai-app-H\backend\src\test\resources
2025-07-22 15:05:11,923 [Worker-9: Building] INFO  o.a.m.s.f.DefaultMavenResourcesFiltering - Copying 1 resource from src\main\resources to target\classes
2025-07-22 15:05:11,930 [Worker-9: Building] INFO  o.a.m.s.f.DefaultMavenResourcesFiltering - Copying 0 resource from src\main\resources to target\classes
2025-07-22 15:05:11,939 [Worker-9: Building] INFO  o.a.m.s.f.DefaultMavenResourcesFiltering - skip non existing resourceDirectory C:\Users\csung\OneDrive\Desktop\spring\project\PaiChai-app-H\backend\src\test\resources
2025-07-22 15:09:49,300 [Worker-2: Launching backend - HealthBackendApplication] INFO  o.a.m.s.f.DefaultMavenResourcesFiltering - Copying 1 resource from src\main\resources to target\classes
2025-07-22 15:09:49,305 [Worker-2: Launching backend - HealthBackendApplication] INFO  o.a.m.s.f.DefaultMavenResourcesFiltering - Copying 0 resource from src\main\resources to target\classes
2025-07-22 15:09:49,308 [Worker-2: Launching backend - HealthBackendApplication] INFO  o.a.m.s.f.DefaultMavenResourcesFiltering - skip non existing resourceDirectory C:\Users\csung\OneDrive\Desktop\spring\project\PaiChai-app-H\backend\src\test\resources
2025-07-22 15:11:08,458 [Worker-5: Launching backend - HealthBackendApplication] INFO  o.a.m.s.f.DefaultMavenResourcesFiltering - Copying 1 resource from src\main\resources to target\classes
2025-07-22 15:11:08,461 [Worker-5: Launching backend - HealthBackendApplication] INFO  o.a.m.s.f.DefaultMavenResourcesFiltering - Copying 0 resource from src\main\resources to target\classes
2025-07-22 15:11:08,464 [Worker-5: Launching backend - HealthBackendApplication] INFO  o.a.m.s.f.DefaultMavenResourcesFiltering - skip non existing resourceDirectory C:\Users\csung\OneDrive\Desktop\spring\project\PaiChai-app-H\backend\src\test\resources
2025-07-22 15:12:39,381 [Worker-12: Launching backend - HealthBackendApplication] INFO  o.a.m.s.f.DefaultMavenResourcesFiltering - Copying 1 resource from src\main\resources to target\classes
2025-07-22 15:12:39,392 [Worker-12: Launching backend - HealthBackendApplication] INFO  o.a.m.s.f.DefaultMavenResourcesFiltering - Copying 0 resource from src\main\resources to target\classes
2025-07-22 15:12:39,396 [Worker-12: Launching backend - HealthBackendApplication] INFO  o.a.m.s.f.DefaultMavenResourcesFiltering - skip non existing resourceDirectory C:\Users\csung\OneDrive\Desktop\spring\project\PaiChai-app-H\backend\src\test\resources
2025-07-22 15:19:03,423 [Worker-4: Launching backend - HealthBackendApplication] INFO  o.a.m.s.f.DefaultMavenResourcesFiltering - Copying 1 resource from src\main\resources to target\classes
2025-07-22 15:19:03,427 [Worker-4: Launching backend - HealthBackendApplication] INFO  o.a.m.s.f.DefaultMavenResourcesFiltering - Copying 0 resource from src\main\resources to target\classes
2025-07-22 15:19:03,430 [Worker-4: Launching backend - HealthBackendApplication] INFO  o.a.m.s.f.DefaultMavenResourcesFiltering - skip non existing resourceDirectory C:\Users\csung\OneDrive\Desktop\spring\project\PaiChai-app-H\backend\src\test\resources
2025-07-22 15:20:24,170 [Worker-0: Building] INFO  o.a.m.s.f.DefaultMavenResourcesFiltering - Copying 1 resource from src\main\resources to target\classes
2025-07-22 15:20:24,172 [Worker-0: Building] INFO  o.a.m.s.f.DefaultMavenResourcesFiltering - Copying 0 resource from src\main\resources to target\classes
2025-07-22 15:20:24,175 [Worker-0: Building] INFO  o.a.m.s.f.DefaultMavenResourcesFiltering - skip non existing resourceDirectory C:\Users\csung\OneDrive\Desktop\spring\project\PaiChai-app-H\backend\src\test\resources
2025-07-22 15:20:39,331 [Worker-0: Launching backend - HealthBackendApplication] INFO  o.a.m.s.f.DefaultMavenResourcesFiltering - Copying 1 resource from src\main\resources to target\classes
2025-07-22 15:20:39,335 [Worker-0: Launching backend - HealthBackendApplication] INFO  o.a.m.s.f.DefaultMavenResourcesFiltering - Copying 0 resource from src\main\resources to target\classes
2025-07-22 15:20:39,337 [Worker-0: Launching backend - HealthBackendApplication] INFO  o.a.m.s.f.DefaultMavenResourcesFiltering - skip non existing resourceDirectory C:\Users\csung\OneDrive\Desktop\spring\project\PaiChai-app-H\backend\src\test\resources
2025-07-22 15:24:03,594 [Worker-9: Launching backend - HealthBackendApplication] INFO  o.a.m.s.f.DefaultMavenResourcesFiltering - Copying 1 resource from src\main\resources to target\classes
2025-07-22 15:24:03,599 [Worker-9: Launching backend - HealthBackendApplication] INFO  o.a.m.s.f.DefaultMavenResourcesFiltering - Copying 0 resource from src\main\resources to target\classes
2025-07-22 15:24:03,602 [Worker-9: Launching backend - HealthBackendApplication] INFO  o.a.m.s.f.DefaultMavenResourcesFiltering - skip non existing resourceDirectory C:\Users\csung\OneDrive\Desktop\spring\project\PaiChai-app-H\backend\src\test\resources
2025-07-22 15:29:08,098 [Worker-8: Launching backend - HealthBackendApplication] INFO  o.a.m.s.f.DefaultMavenResourcesFiltering - Copying 1 resource from src\main\resources to target\classes
2025-07-22 15:29:08,103 [Worker-8: Launching backend - HealthBackendApplication] INFO  o.a.m.s.f.DefaultMavenResourcesFiltering - Copying 0 resource from src\main\resources to target\classes
2025-07-22 15:29:08,105 [Worker-8: Launching backend - HealthBackendApplication] INFO  o.a.m.s.f.DefaultMavenResourcesFiltering - skip non existing resourceDirectory C:\Users\csung\OneDrive\Desktop\spring\project\PaiChai-app-H\backend\src\test\resources
